// Jest Snapshot v1, https://goo.gl/fbAQLP

exports[`Login Component test suite Should match snapshot 1`] = `
<div>
  <div
    class="sc-fubCfw bPCeor"
  >
    <div
      class="sc-pFZIQ eKkxAB"
    >
      <h3>
        all your needs in one place
      </h3>
      <img
        alt="City connected"
        src="cityImage.svg"
        width="100%"
      />
    </div>
    <div
      class="sc-jrAGrp cKcZr"
    >
      <div
        class="sc-gsTCUz dDSAcv"
        width="410"
      >
        <div
          class="sc-kEjbxe efYBx"
        >
          <svg
            class="sc-iqHYGH jyGpMs"
            height="75"
            version="1.1"
            viewBox="0 0 512 512"
            width="75"
            x="0px"
            xmlns="http://www.w3.org/2000/svg"
            xmlns:xlink="http://www.w3.org/1999/xlink"
            y="0px"
          >
            <path
              class="sc-gKsewC fxHmnu"
              d="M256,512L256,512C114.6,512,0,397.4,0,256v0C0,114.6,114.6,0,256,0h0c141.4,0,256,114.6,256,256v0 C512,397.4,397.4,512,256,512z"
            />
            <path
              class="sc-iBPRYJ jAOHRc"
              d="M398.2,369.7c-6.6,0-12.6,2.4-17.5,6.2l-54-30.5c0.6-4.1,0.5-4.4,0-7.9l54-30.8c4.8,3.8,10.8,6.1,17.4,6.1 c15.7,0,28.4-12.8,28.4-28.4c0-15.7-12.8-28.4-28.4-28.4s-28.4,12.8-28.4,28.4c0,1.3,0.2,2.5,0.4,3.8l-54,30.8 c-4.8-3.8-10.8-6.1-17.4-6.1c-15.7,0-28.4,12.8-28.4,28.4c0,15.7,12.8,28.4,28.4,28.4c6.5,0,12.4-2.3,17.2-6l54.3,30.6 c-0.2,1.2-0.4,2.5-0.4,3.8c0,15.7,12.8,28.4,28.4,28.4c15.7,0,28.4-12.7,28.4-28.4S413.9,369.7,398.2,369.7z"
            />
            <path
              class="sc-iBPRYJ jAOHRc"
              d="M327.1,170.1v-56.3c0-7.8-6.4-14.2-14.2-14.2c-7.8,0-14.2,6.4-14.2,14.2v28.5l-54-52.8 c-5.5-5.4-14.4-5.4-19.9,0l-132.9,130c-4.1,4.1-6.4,9.5-6.4,15.2c0,11.8,9.6,21.3,21.3,21.3H128v78.2c0,19.6,15.9,35.6,35.6,35.6h64 c7.8,0,14.2-6.4,14.2-14.2s-6.4-14.2-14.2-14.2h-64c-3.9,0-7.1-3.2-7.1-7.1v-92.4c0-7.8-6.4-14.2-14.2-14.2h-18.1l110.5-108.1 l123,120.3c5.6,5.5,14.7,5.4,20.1-0.2c5.5-5.6,5.4-14.6-0.2-20.1L327.1,170.1z"
            />
          </svg>
          <h1
            class="sc-crrsfI jVKYIx"
          >
            ukiyo
          </h1>
        </div>
        <div
          class="sc-hKgILt dRyOZN"
        >
          <input
            class="sc-eCssSg jqOfMV"
            placeholder="Email"
            type="text"
          />
          
        </div>
        <div
          class="sc-hKgILt dRyOZN"
        >
          <input
            class="sc-eCssSg jqOfMV"
            placeholder="Password"
            type="password"
          />
          <button
            class="sc-jSgupP kmEZLF"
          >
            Show
          </button>
        </div>
        <button
          class="sc-bdfBwQ bbjigB"
          disabled=""
        >
          <span>
            Login
          </span>
        </button>
        <a
          class="sc-kstrdz iJyhPM"
          href="/forgotten"
        >
          Forgot password?
        </a>
      </div>
      <div
        class="sc-gsTCUz fWmxGQ"
        width="410"
      >
        <span
          class="sc-dQppl vnUDC"
        >
          New user? 
          <a
            class="sc-bqyKva gaJqUg"
            href="/signup"
          >
            Register here
          </a>
        </span>
      </div>
    </div>
  </div>
</div>
`;
